// Jest Snapshot v1, https://goo.gl/fbAQLP

exports[`assumption reducer get assumption should get assumption 1`] = `Object {}`;

exports[`assumption reducer get assumption should get overall assumption 1`] = `Object {}`;

exports[`assumption reducer get assumption should post assumption 1`] = `Object {}`;

exports[`assumption reducer get assumption types should get assumption types 1`] = `Object {}`;

exports[`assumption reducer refresh dragged elements should refresh assumption types 1`] = `Object {}`;
