// Jest Snapshot v1, https://goo.gl/fbAQLP

exports[`finance flow reducer get finance flow action should get spending 1`] = `
Object {
  "isFetching": false,
  "spending": Array [
    Object {
      "category": "jedzenie",
      "dateCreated": "2018-01-01",
      "description": undefined,
      "id": 1,
      "spending": 300,
    },
  ],
}
`;
