// Jest Snapshot v1, https://goo.gl/fbAQLP

exports[`<Login /> should match snapshot 1`] = `
<div>
  <div
    className="MuiGrid-typeContainer-2 MuiGrid-spacing-xs-16-24 MuiGrid-align-items-xs-center-10 MuiGrid-justify-xs-center-19 Connect-Login--container-1"
  >
    <form
      autoComplete="off"
      noValidate={true}
    >
      <div>
        <div
          aria-describedby={undefined}
          className="MuiFormControl-root-94 InputText-textField-93"
          onBlur={[Function]}
          onFocus={[Function]}
          required={false}
        >
          <label
            className="MuiFormLabel-root-104 MuiInputLabel-root-98 MuiInputLabel-formControl-99 MuiInputLabel-animated-102"
            data-shrink={false}
            htmlFor={undefined}
          >
            Login
          </label>
          <div
            className="MuiInput-root-108 MuiInput-formControl-109 MuiInput-inkbar-110 MuiInput-underline-114"
            onBlur={[Function]}
            onFocus={[Function]}
          >
            <input
              aria-invalid={false}
              aria-required={false}
              autoComplete={undefined}
              autoFocus={undefined}
              className="MuiInput-input-117 MuiInput-inputSingleline-120"
              defaultValue={undefined}
              disabled={false}
              id={undefined}
              name={undefined}
              onChange={[Function]}
              onKeyDown={undefined}
              onKeyUp={undefined}
              placeholder={undefined}
              readOnly={undefined}
              required={undefined}
              rows={undefined}
              type="email"
              value={undefined}
            />
          </div>
        </div>
      </div>
      <div>
        <div
          aria-describedby={undefined}
          className="MuiFormControl-root-94 InputText-textField-93"
          onBlur={[Function]}
          onFocus={[Function]}
          required={false}
        >
          <label
            className="MuiFormLabel-root-104 MuiInputLabel-root-98 MuiInputLabel-formControl-99 MuiInputLabel-animated-102"
            data-shrink={false}
            htmlFor={undefined}
          >
            Password
          </label>
          <div
            className="MuiInput-root-108 MuiInput-formControl-109 MuiInput-inkbar-110 MuiInput-underline-114"
            onBlur={[Function]}
            onFocus={[Function]}
          >
            <input
              aria-invalid={false}
              aria-required={false}
              autoComplete={undefined}
              autoFocus={undefined}
              className="MuiInput-input-117 MuiInput-inputSingleline-120"
              defaultValue={undefined}
              disabled={false}
              id={undefined}
              name={undefined}
              onChange={[Function]}
              onKeyDown={undefined}
              onKeyUp={undefined}
              placeholder={undefined}
              readOnly={undefined}
              required={undefined}
              rows={undefined}
              type="password"
              value={undefined}
            />
          </div>
        </div>
      </div>
      <button
        className="MuiButtonBase-root-139 MuiButton-root-125 MuiButton-raised-131 RaisedButton-button-123"
        disabled={false}
        onBlur={[Function]}
        onClick={[Function]}
        onFocus={[Function]}
        onKeyDown={[Function]}
        onKeyUp={[Function]}
        onMouseDown={[Function]}
        onMouseLeave={[Function]}
        onMouseUp={[Function]}
        onTouchEnd={[Function]}
        onTouchMove={[Function]}
        onTouchStart={[Function]}
        role={undefined}
        tabIndex={0}
        type="button"
      >
        <span
          className="MuiButton-label-127"
        >
          Login
        </span>
        <span
          className="MuiTouchRipple-root-141"
        />
      </button>
    </form>
  </div>
</div>
`;
