// Jest Snapshot v1, https://goo.gl/fbAQLP

exports[`<MonthlyAssumption  /> should match snapshot 1`] = `
<div
  className="MuiGrid-typeContainer-1"
>
  <div
    className="MuiGrid-typeItem-2 MuiGrid-grid-xs-6-32"
  >
    <div
      className="MuiPaper-root-92 CardList-card-91 MuiPaper-shadow2-96 MuiPaper-rounded-93"
    >
      <div
        className="MuiCardContent-root-119"
      >
        <aside
          className="MuiTypography-root-120 MuiTypography-body2-128 MuiTypography-colorInherit-139 MuiTypography-alignCenter-133"
        >
          Assumption
        </aside>
      </div>
    </div>
  </div>
  <div
    className="MuiGrid-typeItem-2 MuiGrid-grid-xs-6-32"
  >
    <div
      className="MuiPaper-root-92 CardList-card-91 MuiPaper-shadow2-96 MuiPaper-rounded-93"
    >
      <div
        className="MuiCardContent-root-119"
      >
        <aside
          className="MuiTypography-root-120 MuiTypography-body2-128 MuiTypography-colorInherit-139 MuiTypography-alignCenter-133"
        >
          Value
        </aside>
      </div>
    </div>
  </div>
</div>
`;
